// Jest Snapshot v1, https://goo.gl/fbAQLP

exports[`renders InternalServerErrorPage snapshot 1`] = `
<div>
  <div
    class="chakra-container css-vl7sen"
  >
    <div
      class="chakra-stack css-1kbzohu"
    >
      <h2
        class="chakra-heading css-zov4ca"
      >
        500 Internal Server Error
      </h2>
      <p
        class="chakra-text css-0"
      >
        Something went wrong on our end. Our team has been notified, and we're working to fix it. Please try again later.
      </p>
    </div>
  </div>
</div>
`;
